>>> add_integers(2, 2)
4


>>> add_integers(2, -2)
0


>>> add_integers(-2, 2)
0


>>> add_integers(-2, -2)
-4


>>> add_integers(2, 2.35)
4


>>> add_integers(2.40, 2)
4


>>> add_integers(2.40, 2.35)
4


>>> add_integers(5, "Hello")
Traceback(most recent call last):
TypeError: b must be an integer


>>> add_integers([2], 5)
Traceback(most recent call last):
TypeError: a must be an integer


>>> add_integers((2, 8), 3)
Traceback(most recent call last):
TypeError: a must be an integer


>>> add_integers({3}, 2)
Traceback(most recent call last):
TypeError: a must be an integer


>>> add_integers(12, None)
Traceback(most recent call last):
TypeError: b must be an integer


>>> add_integers(2, float(inf))
Traceback(most recent call last):
OverflowError: cannot convert float infinity to integer


>>> add_integers(2, float(nan))
Traceback(most recent call last):
ValueError: cannot convert float NaN to integer


>>> add_integers(2e10, 4)
20000000004
